projects/amazon-trend-analyzer/qb_chunks/page_497_skip497000.csv
ASIN Buyability Flag,asin_status,CVR%,revenue,asp,units,gv,Images #,Videos #,Has A+ Content,Buybox Winner,Average Rating,Number of Ratings,bb_price,Ad CTR%,Ad CVR%,bsr,brand,Ad CPC$,ASIN (Description),Update Type,Sold By Amazon,Has Coupon?,Has Store Link?,In Stock Today?,category,Sellable On Hand Units,asin,date,Ad Cost,Ad Sales,Ad Clicks,Ad Impressions,Ad Conversions
In Stock,ACTIVE,0.07400000000000001,23.0,5.72,4.0,54.0,3.0,0.0,False,,4.0,2617.0,10.91,,,10.0,Clorox,,B0CMVBFPZN (Clorox Fraganzia - Gel Air Freshener Cone - 6oz - Cherry Burst),[],True,False,True,True,Air Care,1228.0,B0CMVBFPZN,2026-04-24,,,,,
In Stock,ACTIVE,0.0,7.0,,0.0,75.0,3.0,0.0,False,,4.0,2615.0,10.52,,,10.0,Clorox,,B0CMVBFPZN (Clorox Fraganzia - Gel Air Freshener Cone - 6oz - Cherry Burst),[],True,False,True,True,Air Care,1196.0,B0CMVBFPZN,2026-04-23,,,,,
In Stock,ACTIVE,0.106,35.0,5.01,7.0,66.0,3.0,0.0,False,,4.0,2578.0,3.99,,,10.0,Clorox,,B0CMVBFPZN (Clorox Fraganzia - Gel Air Freshener Cone - 6oz - Cherry Burst),[],True,False,True,True,Air Care,1176.0,B0CMVBFPZN,2026-04-22,,,,,
In Stock,ACTIVE,0.29,72.0,3.99,18.0,62.0,3.0,0.0,False,,4.0,2577.0,3.99,,,10.0,Clorox,,B0CMVBFPZN (Clorox Fraganzia - Gel Air Freshener Cone - 6oz - Cherry Burst),[],True,False,True,True,Air Care,1177.0,B0CMVBFPZN,2026-04-21,,,,,
In Stock,ACTIVE,0.321,68.0,3.99,17.0,53.0,3.0,0.0,False,,4.0,2578.0,3.99,,,10.0,Clorox,,B0CMVBFPZN (Clorox Fraganzia - Gel Air Freshener Cone - 6oz - Cherry Burst),[],True,False,True,True,Air Care,1154.0,B0CMVBFPZN,2026-04-20,,,,,
In Stock,ACTIVE,0.219,56.0,3.99,14.0,64.0,3.0,0.0,False,,4.0,2578.0,3.99,,,10.0,Clorox,,B0CMVBFPZN (Clorox Fraganzia - Gel Air Freshener Cone - 6oz - Cherry Burst),[],True,False,True,True,Air Care,1171.0,B0CMVBFPZN,2026-04-19,,,,,
In Stock,ACTIVE,0.377,80.0,3.99,20.0,53.0,0.0,0.0,False,,4.0,2577.0,3.99,,,10.0,Clorox,,B0CMVBFPZN (Clorox Fraganzia - Gel Air Freshener Cone - 6oz - Cherry Burst),[],True,False,True,True,Air Care,1165.0,B0CMVBFPZN,2026-04-17,,,,,
In Stock,ACTIVE,0.429,120.0,3.99,30.0,70.0,3.0,0.0,False,,4.0,2577.0,3.99,,,10.0,Clorox,,B0CMVBFPZN (Clorox Fraganzia - Gel Air Freshener Cone - 6oz - Cherry Burst),[],True,False,True,True,Air Care,1249.0,B0CMVBFPZN,2026-04-16,,,,,
In Stock,ACTIVE,0.5710000000000001,112.0,3.99,28.0,49.0,3.0,0.0,False,,4.0,2577.0,3.99,,,10.0,Clorox,,B0CMVBFPZN (Clorox Fraganzia - Gel Air Freshener Cone - 6oz - Cherry Burst),[],True,False,True,True,Air Care,1277.0,B0CMVBFPZN,2026-04-15,,,,,
In Stock,ACTIVE,0.413,104.0,3.99,26.0,63.0,3.0,0.0,False,,4.0,2576.0,3.99,,,8.0,Clorox,,B0CMVBFPZN (Clorox Fraganzia - Gel Air Freshener Cone - 6oz - Cherry Burst),[],True,False,True,True,Air Care,1157.0,B0CMVBFPZN,2026-04-14,,,,,
In Stock,ACTIVE,0.254,68.0,3.99,17.0,67.0,3.0,0.0,False,,4.0,2572.0,3.99,,,9.0,Clorox,,B0CMVBFPZN (Clorox Fraganzia - Gel Air Freshener Cone - 6oz - Cherry Burst),[],True,False,True,True,Air Care,1113.0,B0CMVBFPZN,2026-04-13,,,,,
In Stock,ACTIVE,0.43,148.0,3.99,37.0,86.0,3.0,0.0,False,,4.0,2570.0,3.99,,,9.0,Clorox,,B0CMVBFPZN (Clorox Fraganzia - Gel Air Freshener Cone - 6oz - Cherry Burst),[],True,False,True,True,Air Care,1074.0,B0CMVBFPZN,2026-04-12,,,,,
In Stock,ACTIVE,0.286,80.0,3.99,20.0,70.0,3.0,0.0,False,,4.0,2567.0,3.99,,,11.0,Clorox,,B0CMVBFPZN (Clorox Fraganzia - Gel Air Freshener Cone - 6oz - Cherry Burst),[],True,False,True,True,Air Care,0.0,B0CMVBFPZN,2026-04-11,,,,,
In Stock,ACTIVE,0.329,92.0,3.99,23.0,70.0,3.0,0.0,False,,4.0,2559.0,3.99,,,11.0,Clorox,,B0CMVBFPZN (Clorox Fraganzia - Gel Air Freshener Cone - 6oz - Cherry Burst),[],True,False,True,True,Air Care,1182.0,B0CMVBFPZN,2026-04-10,,,,,
In Stock,ACTIVE,0.243,68.0,3.99,17.0,70.0,3.0,0.0,False,,3.9,2558.0,3.99,,,11.0,Clorox,,B0CMVBFPZN (Clorox Fraganzia - Gel Air Freshener Cone - 6oz - Cherry Burst),[],True,False,True,True,Air Care,1046.0,B0CMVBFPZN,2026-04-09,,,,,
In Stock,ACTIVE,0.286,80.0,3.99,20.0,70.0,3.0,0.0,False,,3.9,2556.0,3.99,,,8.0,Clorox,,B0CMVBFPZN (Clorox Fraganzia - Gel Air Freshener Cone - 6oz - Cherry Burst),[],True,False,True,True,Air Care,986.0,B0CMVBFPZN,2026-04-08,,,,,
In Stock,ACTIVE,0.394,104.0,3.99,26.0,66.0,3.0,0.0,False,,3.9,2553.0,3.99,,,8.0,Clorox,,B0CMVBFPZN (Clorox Fraganzia - Gel Air Freshener Cone - 6oz - Cherry Burst),[],True,False,True,True,Air Care,1013.0,B0CMVBFPZN,2026-04-07,,,,,
In Stock,ACTIVE,0.237,56.0,3.99,14.0,59.0,3.0,0.0,False,,3.9,2551.0,3.99,,,8.0,Clorox,,B0CMVBFPZN (Clorox Fraganzia - Gel Air Freshener Cone - 6oz - Cherry Burst),[],True,False,True,True,Air Care,1036.0,B0CMVBFPZN,2026-04-06,,,,,
In Stock,ACTIVE,0.4,72.0,3.99,18.0,45.0,3.0,0.0,False,,3.9,2550.0,3.99,,,10.0,Clorox,,B0CMVBFPZN (Clorox Fraganzia - Gel Air Freshener Cone - 6oz - Cherry Burst),[],True,False,True,True,Air Care,1055.0,B0CMVBFPZN,2026-04-05,,,,,
In Stock,ACTIVE,0.213,64.0,3.99,16.0,75.0,3.0,0.0,False,,3.9,2548.0,3.99,,,9.0,Clorox,,B0CMVBFPZN (Clorox Fraganzia - Gel Air Freshener Cone - 6oz - Cherry Burst),[],True,False,True,True,Air Care,1098.0,B0CMVBFPZN,2026-04-04,,,,,
In Stock,ACTIVE,0.278,59.0,3.91,15.0,54.0,3.0,0.0,False,,3.9,2545.0,3.99,,,9.0,Clorox,,B0CMVBFPZN (Clorox Fraganzia - Gel Air Freshener Cone - 6oz - Cherry Burst),[],True,False,True,True,Air Care,1106.0,B0CMVBFPZN,2026-04-03,,,,,
In Stock,ACTIVE,0.321,108.0,3.99,27.0,84.0,3.0,0.0,False,,3.9,2544.0,3.99,,,9.0,Clorox,,B0CMVBFPZN (Clorox Fraganzia - Gel Air Freshener Cone - 6oz - Cherry Burst),[],True,False,True,True,Air Care,1035.0,B0CMVBFPZN,2026-04-02,,,,,
In Stock,ACTIVE,0.351,80.0,3.99,20.0,57.0,3.0,0.0,False,,3.9,2544.0,3.99,,,9.0,Clorox,,B0CMVBFPZN (Clorox Fraganzia - Gel Air Freshener Cone - 6oz - Cherry Burst),[],True,False,True,True,Air Care,1095.0,B0CMVBFPZN,2026-04-01,,,,,
In Stock,ACTIVE,0.344,84.0,3.99,21.0,61.0,3.0,0.0,False,,3.9,2542.0,3.99,,,8.0,Clorox,,B0CMVBFPZN (Clorox Fraganzia - Gel Air Freshener Cone - 6oz - Cherry Burst),[],True,False,True,True,Air Care,1068.0,B0CMVBFPZN,2026-03-31,,,,,
In Stock,ACTIVE,0.156,40.0,3.99,10.0,64.0,3.0,0.0,False,,3.9,2540.0,3.99,,,9.0,Clorox,,B0CMVBFPZN (Clorox Fraganzia - Gel Air Freshener Cone - 6oz - Cherry Burst),[],True,False,True,True,Air Care,1082.0,B0CMVBFPZN,2026-03-30,,,,,
In Stock,ACTIVE,0.235,76.0,3.99,19.0,81.0,3.0,0.0,False,,3.9,2535.0,3.99,,,8.0,Clorox,,B0CMVBFPZN (Clorox Fraganzia - Gel Air Freshener Cone - 6oz - Cherry Burst),[],True,False,True,True,Air Care,1062.0,B0CMVBFPZN,2026-03-29,,,,,
In Stock,ACTIVE,0.189,56.0,3.99,14.0,74.0,3.0,0.0,False,,3.9,2532.0,3.99,,,7.0,Clorox,,B0CMVBFPZN (Clorox Fraganzia - Gel Air Freshener Cone - 6oz - Cherry Burst),[],True,False,True,True,Air Care,1084.0,B0CMVBFPZN,2026-03-28,,,,,
In Stock,ACTIVE,0.481,148.0,3.99,37.0,77.0,3.0,0.0,False,,3.9,2528.0,3.99,,,8.0,Clorox,,B0CMVBFPZN (Clorox Fraganzia - Gel Air Freshener Cone - 6oz - Cherry Burst),[],True,False,True,True,Air Care,1113.0,B0CMVBFPZN,2026-03-27,,,,,
In Stock,ACTIVE,0.313,100.0,3.99,25.0,80.0,3.0,0.0,False,,3.9,2510.0,3.99,,,7.0,Clorox,,B0CMVBFPZN (Clorox Fraganzia - Gel Air Freshener Cone - 6oz - Cherry Burst),[],True,False,True,True,Air Care,1193.0,B0CMVBFPZN,2026-03-25,,,,,
In Stock,ACTIVE,0.636,140.0,3.99,35.0,55.0,3.0,0.0,False,,3.9,2508.0,3.99,,,4.0,Clorox,,B0CMVBFPZN (Clorox Fraganzia - Gel Air Freshener Cone - 6oz - Cherry Burst),[],True,False,True,True,Air Care,1112.0,B0CMVBFPZN,2026-03-23,,,,,
In Stock,ACTIVE,0.212,56.0,3.99,14.0,66.0,3.0,0.0,False,,3.9,2503.0,3.99,,,5.0,Clorox,,B0CMVBFPZN (Clorox Fraganzia - Gel Air Freshener Cone - 6oz - Cherry Burst),[],True,False,True,True,Air Care,1131.0,B0CMVBFPZN,2026-03-22,,,,,
In Stock,ACTIVE,0.492,128.0,3.99,32.0,65.0,3.0,0.0,False,,3.9,2498.0,3.99,,,6.0,Clorox,,B0CMVBFPZN (Clorox Fraganzia - Gel Air Freshener Cone - 6oz - Cherry Burst),[],True,False,True,True,Air Care,1151.0,B0CMVBFPZN,2026-03-21,,,,,
In Stock,ACTIVE,0.368,100.0,3.99,25.0,68.0,3.0,0.0,False,,3.9,2499.0,3.99,,,6.0,Clorox,,B0CMVBFPZN (Clorox Fraganzia - Gel Air Freshener Cone - 6oz - Cherry Burst),[],True,False,True,True,Air Care,1178.0,B0CMVBFPZN,2026-03-20,,,,,
In Stock,ACTIVE,0.622,92.0,3.99,23.0,37.0,3.0,0.0,False,,3.9,2495.0,3.99,,,7.0,Clorox,,B0CMVBFPZN (Clorox Fraganzia - Gel Air Freshener Cone - 6oz - Cherry Burst),[],True,False,True,True,Air Care,1167.0,B0CMVBFPZN,2026-03-19,,,,,
In Stock,ACTIVE,0.314,88.0,3.99,22.0,70.0,3.0,0.0,False,,3.9,2492.0,3.99,,,7.0,Clorox,,B0CMVBFPZN (Clorox Fraganzia - Gel Air Freshener Cone - 6oz - Cherry Burst),[],True,False,True,True,Air Care,1172.0,B0CMVBFPZN,2026-03-18,,,,,
In Stock,ACTIVE,0.414,96.0,3.99,24.0,58.0,3.0,0.0,False,,3.9,2487.0,3.99,,,7.0,Clorox,,B0CMVBFPZN (Clorox Fraganzia - Gel Air Freshener Cone - 6oz - Cherry Burst),[],True,False,True,True,Air Care,1173.0,B0CMVBFPZN,2026-03-17,,,,,
In Stock,ACTIVE,0.156,40.0,3.99,10.0,64.0,3.0,0.0,False,,3.9,2487.0,3.99,,,7.0,Clorox,,B0CMVBFPZN (Clorox Fraganzia - Gel Air Freshener Cone - 6oz - Cherry Burst),[],True,False,True,True,Air Care,1160.0,B0CMVBFPZN,2026-03-16,,,,,
In Stock,ACTIVE,0.176,48.0,3.99,12.0,68.0,3.0,0.0,False,,3.9,2487.0,3.99,,,7.0,Clorox,,B0CMVBFPZN (Clorox Fraganzia - Gel Air Freshener Cone - 6oz - Cherry Burst),[],True,False,True,True,Air Care,1124.0,B0CMVBFPZN,2026-03-15,,,,,
In Stock,ACTIVE,0.277,92.0,3.99,23.0,83.0,3.0,0.0,False,,3.9,2484.0,3.99,,,7.0,Clorox,,B0CMVBFPZN (Clorox Fraganzia - Gel Air Freshener Cone - 6oz - Cherry Burst),[],True,False,True,True,Air Care,1194.0,B0CMVBFPZN,2026-03-14,,,,,
In Stock,ACTIVE,0.2,60.0,3.99,15.0,75.0,3.0,0.0,False,,3.9,2482.0,3.99,,,7.0,Clorox,,B0CMVBFPZN (Clorox Fraganzia - Gel Air Freshener Cone - 6oz - Cherry Burst),[],True,False,True,True,Air Care,1109.0,B0CMVBFPZN,2026-03-13,,,,,
In Stock,ACTIVE,0.358,96.0,3.99,24.0,67.0,3.0,0.0,False,,3.9,2480.0,3.99,,,6.0,Clorox,,B0CMVBFPZN (Clorox Fraganzia - Gel Air Freshener Cone - 6oz - Cherry Burst),[],True,False,True,True,Air Care,1096.0,B0CMVBFPZN,2026-03-12,,,,,
In Stock,ACTIVE,0.215,68.0,3.99,17.0,79.0,3.0,0.0,False,,3.9,2478.0,3.99,,,7.0,Clorox,,B0CMVBFPZN (Clorox Fraganzia - Gel Air Freshener Cone - 6oz - Cherry Burst),[],True,False,True,True,Air Care,1123.0,B0CMVBFPZN,2026-03-11,,,,,
In Stock,ACTIVE,0.389,112.0,3.99,28.0,72.0,3.0,0.0,False,,3.9,2475.0,3.99,,,7.0,Clorox,,B0CMVBFPZN (Clorox Fraganzia - Gel Air Freshener Cone - 6oz - Cherry Burst),[],True,False,True,True,Air Care,1187.0,B0CMVBFPZN,2026-03-10,,,,,
In Stock,ACTIVE,0.603,176.0,3.99,44.0,73.0,3.0,0.0,False,,3.9,2474.0,3.99,,,7.0,Clorox,,B0CMVBFPZN (Clorox Fraganzia - Gel Air Freshener Cone - 6oz - Cherry Burst),[],True,False,True,True,Air Care,1124.0,B0CMVBFPZN,2026-03-09,,,,,
In Stock,ACTIVE,0.324,140.0,3.99,35.0,108.0,3.0,0.0,False,,3.9,2475.0,3.99,,,8.0,Clorox,,B0CMVBFPZN (Clorox Fraganzia - Gel Air Freshener Cone - 6oz - Cherry Burst),[],True,False,True,True,Air Care,1094.0,B0CMVBFPZN,2026-03-08,,,,,
In Stock,ACTIVE,0.304,96.0,3.99,24.0,79.0,3.0,0.0,False,,3.9,2473.0,3.99,,,7.0,Clorox,,B0CMVBFPZN (Clorox Fraganzia - Gel Air Freshener Cone - 6oz - Cherry Burst),[],True,False,True,True,Air Care,1104.0,B0CMVBFPZN,2026-03-07,,,,,
In Stock,ACTIVE,0.257,72.0,3.99,18.0,70.0,3.0,0.0,False,,3.9,2471.0,3.99,,,8.0,Clorox,,B0CMVBFPZN (Clorox Fraganzia - Gel Air Freshener Cone - 6oz - Cherry Burst),[],True,False,True,True,Air Care,1164.0,B0CMVBFPZN,2026-03-06,,,,,
In Stock,ACTIVE,0.404,92.0,3.99,23.0,57.0,3.0,0.0,False,,3.9,2469.0,3.99,,,7.0,Clorox,,B0CMVBFPZN (Clorox Fraganzia - Gel Air Freshener Cone - 6oz - Cherry Burst),[],True,False,True,True,Air Care,1142.0,B0CMVBFPZN,2026-03-05,,,,,
In Stock,ACTIVE,0.1,28.0,3.99,7.0,70.0,3.0,0.0,False,,3.9,2466.0,3.99,,,7.0,Clorox,,B0CMVBFPZN (Clorox Fraganzia - Gel Air Freshener Cone - 6oz - Cherry Burst),[],True,False,True,True,Air Care,1061.0,B0CMVBFPZN,2026-03-04,,,,,
In Stock,ACTIVE,0.329,108.0,3.99,27.0,82.0,3.0,0.0,False,,3.9,2463.0,3.99,,,9.0,Clorox,,B0CMVBFPZN (Clorox Fraganzia - Gel Air Freshener Cone - 6oz - Cherry Burst),[],True,False,True,True,Air Care,1063.0,B0CMVBFPZN,2026-03-03,,,,,
In Stock,ACTIVE,0.125,44.0,3.99,11.0,88.0,3.0,0.0,False,,3.9,2456.0,3.99,,,8.0,Clorox,,B0CMVBFPZN (Clorox Fraganzia - Gel Air Freshener Cone - 6oz - Cherry Burst),[],True,False,True,True,Air Care,1059.0,B0CMVBFPZN,2026-03-02,,,,,
In Stock,ACTIVE,0.203,64.0,3.99,16.0,79.0,3.0,0.0,False,,3.9,2452.0,3.99,,,8.0,Clorox,,B0CMVBFPZN (Clorox Fraganzia - Gel Air Freshener Cone - 6oz - Cherry Burst),[],True,False,True,True,Air Care,988.0,B0CMVBFPZN,2026-03-01,,,,,
In Stock,ACTIVE,0.26,100.0,3.99,25.0,96.0,3.0,0.0,False,,3.9,2445.0,3.99,,,8.0,Clorox,,B0CMVBFPZN (Clorox Fraganzia - Gel Air Freshener Cone - 6oz - Cherry Burst),[],True,False,True,True,Air Care,1007.0,B0CMVBFPZN,2026-02-28,,,,,
In Stock,ACTIVE,0.461,140.0,3.99,35.0,76.0,3.0,0.0,False,,3.9,2443.0,3.99,,,8.0,Clorox,,B0CMVBFPZN (Clorox Fraganzia - Gel Air Freshener Cone - 6oz - Cherry Burst),[],True,False,True,True,Air Care,1029.0,B0CMVBFPZN,2026-02-27,,,,,
In Stock,ACTIVE,0.267,92.0,3.99,23.0,86.0,3.0,0.0,False,,3.9,2438.0,3.99,,,11.0,Clorox,,B0CMVBFPZN (Clorox Fraganzia - Gel Air Freshener Cone - 6oz - Cherry Burst),[],True,False,True,True,Air Care,967.0,B0CMVBFPZN,2026-02-26,,,,,
In Stock,ACTIVE,0.344,128.0,3.99,32.0,93.0,3.0,0.0,False,,3.9,2433.0,3.99,,,9.0,Clorox,,B0CMVBFPZN (Clorox Fraganzia - Gel Air Freshener Cone - 6oz - Cherry Burst),[],True,False,True,True,Air Care,1032.0,B0CMVBFPZN,2026-02-25,,,,,
In Stock,ACTIVE,0.143,44.0,3.99,11.0,77.0,3.0,0.0,False,,3.9,2426.0,3.99,,,10.0,Clorox,,B0CMVBFPZN (Clorox Fraganzia - Gel Air Freshener Cone - 6oz - Cherry Burst),[],True,False,True,True,Air Care,1008.0,B0CMVBFPZN,2026-02-24,,,,,
In Stock,ACTIVE,0.273,60.0,3.99,15.0,55.0,3.0,0.0,False,,3.9,2420.0,3.99,,,8.0,Clorox,,B0CMVBFPZN (Clorox Fraganzia - Gel Air Freshener Cone - 6oz - Cherry Burst),[],True,False,True,True,Air Care,962.0,B0CMVBFPZN,2026-02-23,,,,,
In Stock,ACTIVE,0.23,56.0,3.99,14.0,61.0,3.0,0.0,False,,3.9,2414.0,3.99,,,7.0,Clorox,,B0CMVBFPZN (Clorox Fraganzia - Gel Air Freshener Cone - 6oz - Cherry Burst),[],True,False,True,True,Air Care,942.0,B0CMVBFPZN,2026-02-22,,,,,
In Stock,ACTIVE,0.237,76.0,3.99,19.0,80.0,3.0,0.0,False,,3.9,2412.0,3.99,,,7.0,Clorox,,B0CMVBFPZN (Clorox Fraganzia - Gel Air Freshener Cone - 6oz - Cherry Burst),[],True,False,True,True,Air Care,926.0,B0CMVBFPZN,2026-02-21,,,,,
In Stock,ACTIVE,0.294,100.0,3.99,25.0,85.0,3.0,0.0,False,,3.9,2398.0,3.99,,,6.0,Clorox,,B0CMVBFPZN (Clorox Fraganzia - Gel Air Freshener Cone - 6oz - Cherry Burst),[],True,False,True,True,Air Care,982.0,B0CMVBFPZN,2026-02-20,,,,,
In Stock,ACTIVE,0.16,52.0,3.99,13.0,81.0,3.0,0.0,False,,3.9,2398.0,3.99,,,6.0,Clorox,,B0CMVBFPZN (Clorox Fraganzia - Gel Air Freshener Cone - 6oz - Cherry Burst),[],True,False,True,True,Air Care,1017.0,B0CMVBFPZN,2026-02-19,,,,,
In Stock,ACTIVE,0.293,96.0,3.99,24.0,82.0,3.0,0.0,False,,3.9,2398.0,3.99,,,6.0,Clorox,,B0CMVBFPZN (Clorox Fraganzia - Gel Air Freshener Cone - 6oz - Cherry Burst),[],True,False,True,True,Air Care,999.0,B0CMVBFPZN,2026-02-18,,,,,
In Stock,ACTIVE,0.304,84.0,3.99,21.0,69.0,3.0,0.0,False,,3.9,2398.0,3.99,,,6.0,Clorox,,B0CMVBFPZN (Clorox Fraganzia - Gel Air Freshener Cone - 6oz - Cherry Burst),[],True,False,True,True,Air Care,1032.0,B0CMVBFPZN,2026-02-17,,,,,
In Stock,ACTIVE,0.264,76.0,3.99,19.0,72.0,3.0,0.0,False,,3.9,2398.0,3.99,,,6.0,Clorox,,B0CMVBFPZN (Clorox Fraganzia - Gel Air Freshener Cone - 6oz - Cherry Burst),[],True,False,True,True,Air Care,879.0,B0CMVBFPZN,2026-02-16,,,,,
In Stock,ACTIVE,0.262,88.0,3.99,22.0,84.0,3.0,0.0,False,,3.9,2394.0,3.99,,,8.0,Clorox,,B0CMVBFPZN (Clorox Fraganzia - Gel Air Freshener Cone - 6oz - Cherry Burst),[],True,False,True,True,Air Care,859.0,B0CMVBFPZN,2026-02-15,,,,,
In Stock,ACTIVE,0.127,28.0,3.99,7.0,55.0,3.0,0.0,False,,3.9,2389.0,3.99,,,10.0,Clorox,,B0CMVBFPZN (Clorox Fraganzia - Gel Air Freshener Cone - 6oz - Cherry Burst),[],True,False,True,True,Air Care,865.0,B0CMVBFPZN,2026-02-14,,,,,
In Stock,ACTIVE,0.117,36.0,3.99,9.0,77.0,3.0,0.0,False,,3.9,2386.0,3.99,,,7.0,Clorox,,B0CMVBFPZN (Clorox Fraganzia - Gel Air Freshener Cone - 6oz - Cherry Burst),[],True,False,True,True,Air Care,863.0,B0CMVBFPZN,2026-02-13,,,,,
In Stock,ACTIVE,0.315,68.0,3.99,17.0,54.0,3.0,0.0,False,,3.9,2380.0,3.99,,,6.0,Clorox,,B0CMVBFPZN (Clorox Fraganzia - Gel Air Freshener Cone - 6oz - Cherry Burst),[],True,False,True,True,Air Care,846.0,B0CMVBFPZN,2026-02-12,,,,,
In Stock,ACTIVE,0.313,84.0,3.99,21.0,67.0,3.0,0.0,False,,3.9,2378.0,3.99,,,7.0,Clorox,,B0CMVBFPZN (Clorox Fraganzia - Gel Air Freshener Cone - 6oz - Cherry Burst),[],True,False,True,True,Air Care,888.0,B0CMVBFPZN,2026-02-11,,,,,
In Stock,ACTIVE,0.288,68.0,3.98,17.0,59.0,3.0,0.0,False,,3.9,2375.0,3.99,,,7.0,Clorox,,B0CMVBFPZN (Clorox Fraganzia - Gel Air Freshener Cone - 6oz - Cherry Burst),[],True,False,True,True,Air Care,832.0,B0CMVBFPZN,2026-02-10,,,,,
In Stock,ACTIVE,0.21,52.0,3.99,13.0,62.0,3.0,0.0,False,,3.9,2373.0,3.99,,,7.0,Clorox,,B0CMVBFPZN (Clorox Fraganzia - Gel Air Freshener Cone - 6oz - Cherry Burst),[],True,False,True,True,Air Care,837.0,B0CMVBFPZN,2026-02-09,,,,,
In Stock,ACTIVE,0.356,103.0,3.97,26.0,73.0,3.0,0.0,False,,3.9,2369.0,3.97,,,6.0,Clorox,,B0CMVBFPZN (Clorox Fraganzia - Gel Air Freshener Cone - 6oz - Cherry Burst),[],True,False,True,True,Air Care,849.0,B0CMVBFPZN,2026-02-08,,,,,
In Stock,ACTIVE,0.222,56.0,3.97,14.0,63.0,3.0,0.0,False,,3.9,2367.0,3.98,,,6.0,Clorox,,B0CMVBFPZN (Clorox Fraganzia - Gel Air Freshener Cone - 6oz - Cherry Burst),[],True,False,True,True,Air Care,857.0,B0CMVBFPZN,2026-02-07,,,,,
In Stock,ACTIVE,0.367,71.0,3.97,18.0,49.0,3.0,0.0,False,,3.9,2365.0,3.97,,,7.0,Clorox,,B0CMVBFPZN (Clorox Fraganzia - Gel Air Freshener Cone - 6oz - Cherry Burst),[],True,False,True,True,Air Care,828.0,B0CMVBFPZN,2026-02-06,,,,,
In Stock,ACTIVE,0.34,71.0,3.96,18.0,53.0,3.0,0.0,False,,3.9,2360.0,3.97,,,8.0,Clorox,,B0CMVBFPZN (Clorox Fraganzia - Gel Air Freshener Cone - 6oz - Cherry Burst),[],True,False,True,True,Air Care,850.0,B0CMVBFPZN,2026-02-05,,,,,
