projects/amazon-trend-analyzer/qb_chunks/page_497_skip497000.csv
ASIN Buyability Flag,asin_status,CVR%,revenue,asp,units,gv,Images #,Videos #,Has A+ Content,Buybox Winner,Average Rating,Number of Ratings,bb_price,Ad CTR%,Ad CVR%,bsr,brand,Ad CPC$,ASIN (Description),Update Type,Sold By Amazon,Has Coupon?,Has Store Link?,In Stock Today?,category,Sellable On Hand Units,asin,date,Ad Cost,Ad Sales,Ad Clicks,Ad Impressions,Ad Conversions
In Stock,ACTIVE,0.667,109.0,2.49,44.0,66.0,5.0,0.0,False,,3.8,1870.0,2.49,,,74.0,Clorox,,B0CMVBHXWJ (Clorox Fraganzia - Gel Air Freshener Cone - 6oz - Fresh Ocean Breeze),[],True,False,True,True,Air Care,1517.0,B0CMVBHXWJ,2025-08-25,,,,,
In Stock,ACTIVE,0.64,142.0,2.49,57.0,89.0,5.0,0.0,False,,3.8,1866.0,2.49,,,64.0,Clorox,,B0CMVBHXWJ (Clorox Fraganzia - Gel Air Freshener Cone - 6oz - Fresh Ocean Breeze),[],True,False,True,True,Air Care,1502.0,B0CMVBHXWJ,2025-08-24,,,,,
In Stock,ACTIVE,0.951,241.0,2.49,97.0,102.0,5.0,0.0,False,,3.8,1864.0,2.49,,,50.0,Clorox,,B0CMVBHXWJ (Clorox Fraganzia - Gel Air Freshener Cone - 6oz - Fresh Ocean Breeze),[],True,False,True,True,Air Care,1591.0,B0CMVBHXWJ,2025-08-23,,,,,
In Stock,ACTIVE,0.684,134.0,2.49,54.0,79.0,5.0,0.0,False,,3.8,1861.0,2.49,,,45.0,Clorox,,B0CMVBHXWJ (Clorox Fraganzia - Gel Air Freshener Cone - 6oz - Fresh Ocean Breeze),[],True,False,True,True,Air Care,1730.0,B0CMVBHXWJ,2025-08-22,,,,,
In Stock,ACTIVE,0.614,316.0,2.49,127.0,207.0,5.0,0.0,False,,3.8,1855.0,2.49,,,46.0,Clorox,,B0CMVBHXWJ (Clorox Fraganzia - Gel Air Freshener Cone - 6oz - Fresh Ocean Breeze),[],True,False,True,True,Air Care,1737.0,B0CMVBHXWJ,2025-08-21,,,,,
In Stock,ACTIVE,0.8079999999999999,451.0,2.49,181.0,224.0,5.0,0.0,False,,3.8,1851.0,2.49,,,50.0,Clorox,,B0CMVBHXWJ (Clorox Fraganzia - Gel Air Freshener Cone - 6oz - Fresh Ocean Breeze),[],True,False,True,True,Air Care,1923.0,B0CMVBHXWJ,2025-08-20,,,,,
In Stock,ACTIVE,0.66,463.0,2.49,186.0,282.0,5.0,0.0,False,,3.8,1847.0,2.49,,,50.0,Clorox,,B0CMVBHXWJ (Clorox Fraganzia - Gel Air Freshener Cone - 6oz - Fresh Ocean Breeze),[],True,False,True,True,Air Care,1996.0,B0CMVBHXWJ,2025-08-19,,,,,
In Stock,ACTIVE,0.584,371.0,2.49,149.0,255.0,5.0,0.0,False,,3.8,1843.0,2.49,,,50.0,Clorox,,B0CMVBHXWJ (Clorox Fraganzia - Gel Air Freshener Cone - 6oz - Fresh Ocean Breeze),[],True,False,True,True,Air Care,2172.0,B0CMVBHXWJ,2025-08-18,,,,,
In Stock,ACTIVE,0.623,423.0,2.49,170.0,273.0,5.0,0.0,False,,3.8,1868.0,2.49,,,49.0,Clorox,,B0CMVBHXWJ (Clorox Fraganzia - Gel Air Freshener Cone - 6oz - Fresh Ocean Breeze),[],True,False,True,True,Air Care,2285.0,B0CMVBHXWJ,2025-08-17,,,,,
In Stock,ACTIVE,0.56,383.0,2.49,154.0,275.0,5.0,0.0,False,,3.8,1748.0,2.49,,,49.0,Clorox,,B0CMVBHXWJ (Clorox Fraganzia - Gel Air Freshener Cone - 6oz - Fresh Ocean Breeze),[],True,False,True,True,Air Care,2424.0,B0CMVBHXWJ,2025-08-16,,,,,
In Stock,ACTIVE,0.588,408.0,2.49,164.0,279.0,5.0,0.0,False,,3.8,1746.0,2.49,,,52.0,Clorox,,B0CMVBHXWJ (Clorox Fraganzia - Gel Air Freshener Cone - 6oz - Fresh Ocean Breeze),[],True,False,True,True,Air Care,2566.0,B0CMVBHXWJ,2025-08-15,,,,,
In Stock,ACTIVE,0.741,471.0,2.49,189.0,255.0,5.0,0.0,False,,3.8,1742.0,2.49,,,55.0,Clorox,,B0CMVBHXWJ (Clorox Fraganzia - Gel Air Freshener Cone - 6oz - Fresh Ocean Breeze),[],True,False,True,True,Air Care,2777.0,B0CMVBHXWJ,2025-08-14,,,,,
In Stock,ACTIVE,0.662,391.0,2.49,157.0,237.0,5.0,0.0,False,,3.8,1737.0,2.49,,,53.0,Clorox,,B0CMVBHXWJ (Clorox Fraganzia - Gel Air Freshener Cone - 6oz - Fresh Ocean Breeze),[],True,False,True,True,Air Care,2940.0,B0CMVBHXWJ,2025-08-13,,,,,
In Stock,ACTIVE,0.513,289.0,2.49,116.0,226.0,5.0,0.0,False,,3.8,1734.0,2.49,,,50.0,Clorox,,B0CMVBHXWJ (Clorox Fraganzia - Gel Air Freshener Cone - 6oz - Fresh Ocean Breeze),[],True,False,True,True,Air Care,3011.0,B0CMVBHXWJ,2025-08-12,,,,,
In Stock,ACTIVE,0.664,378.0,2.49,152.0,229.0,5.0,0.0,False,,3.8,1730.0,2.49,,,48.0,Clorox,,B0CMVBHXWJ (Clorox Fraganzia - Gel Air Freshener Cone - 6oz - Fresh Ocean Breeze),[],True,False,True,True,Air Care,3116.0,B0CMVBHXWJ,2025-08-11,,,,,
In Stock,ACTIVE,0.535,376.0,2.49,151.0,282.0,5.0,0.0,False,,3.8,1724.0,2.49,,,46.0,Clorox,,B0CMVBHXWJ (Clorox Fraganzia - Gel Air Freshener Cone - 6oz - Fresh Ocean Breeze),[],True,False,True,True,Air Care,3243.0,B0CMVBHXWJ,2025-08-10,,,,,
In Stock,ACTIVE,0.467,314.0,2.49,126.0,270.0,5.0,0.0,False,,3.8,1717.0,2.49,,,45.0,Clorox,,B0CMVBHXWJ (Clorox Fraganzia - Gel Air Freshener Cone - 6oz - Fresh Ocean Breeze),[],True,False,True,True,Air Care,3293.0,B0CMVBHXWJ,2025-08-09,,,,,
In Stock,ACTIVE,0.5670000000000001,356.0,2.49,143.0,252.0,5.0,0.0,False,,3.8,1706.0,2.49,,,46.0,Clorox,,B0CMVBHXWJ (Clorox Fraganzia - Gel Air Freshener Cone - 6oz - Fresh Ocean Breeze),[],True,False,True,True,Air Care,3411.0,B0CMVBHXWJ,2025-08-08,,,,,
In Stock,ACTIVE,0.599,413.0,2.49,166.0,277.0,5.0,0.0,False,,3.8,428.0,2.49,,,50.0,Clorox,,B0CMVBHXWJ (Clorox Fraganzia - Gel Air Freshener Cone - 6oz - Fresh Ocean Breeze),[],True,False,True,True,Air Care,3487.0,B0CMVBHXWJ,2025-08-06,0.0,0.0,0.0,0.0,0.0
In Stock,ACTIVE,0.732,523.0,2.49,210.0,287.0,5.0,0.0,False,,3.8,425.0,2.49,,,48.0,Clorox,,B0CMVBHXWJ (Clorox Fraganzia - Gel Air Freshener Cone - 6oz - Fresh Ocean Breeze),[],True,False,True,True,Air Care,3527.0,B0CMVBHXWJ,2025-08-05,,,,,
In Stock,ACTIVE,0.453,276.0,2.49,111.0,245.0,5.0,0.0,False,,3.8,423.0,2.49,,,44.0,Clorox,,B0CMVBHXWJ (Clorox Fraganzia - Gel Air Freshener Cone - 6oz - Fresh Ocean Breeze),[],True,False,True,True,Air Care,3942.0,B0CMVBHXWJ,2025-08-04,,,,,
In Stock,ACTIVE,0.458,341.0,2.49,137.0,299.0,5.0,0.0,False,,3.8,423.0,2.49,,,42.0,Clorox,,B0CMVBHXWJ (Clorox Fraganzia - Gel Air Freshener Cone - 6oz - Fresh Ocean Breeze),[],True,False,True,True,Air Care,3748.0,B0CMVBHXWJ,2025-08-03,,,,,
In Stock,ACTIVE,0.544,336.0,2.49,135.0,248.0,5.0,0.0,False,,3.8,423.0,2.49,,,45.0,Clorox,,B0CMVBHXWJ (Clorox Fraganzia - Gel Air Freshener Cone - 6oz - Fresh Ocean Breeze),[],True,False,True,True,Air Care,3494.0,B0CMVBHXWJ,2025-08-02,,,,,
In Stock,ACTIVE,0.8270000000000001,488.0,2.49,196.0,237.0,5.0,0.0,False,,3.8,1665.0,2.49,,,49.0,Clorox,,B0CMVBHXWJ (Clorox Fraganzia - Gel Air Freshener Cone - 6oz - Fresh Ocean Breeze),[],True,False,True,True,Air Care,3622.0,B0CMVBHXWJ,2025-08-01,,,,,
In Stock,ACTIVE,0.607,381.0,2.49,153.0,252.0,10.0,0.0,False,,3.8,1658.0,2.49,,,52.0,Clorox,,B0CMVBHXWJ (Clorox Fraganzia - Gel Air Freshener Cone - 6oz - Fresh Ocean Breeze),[],True,False,True,True,Air Care,3698.0,B0CMVBHXWJ,2025-07-31,,,,,
In Stock,ACTIVE,0.743,425.0,2.49,171.0,230.0,5.0,0.0,False,,3.8,1658.0,2.49,,,51.0,Clorox,,B0CMVBHXWJ (Clorox Fraganzia - Gel Air Freshener Cone - 6oz - Fresh Ocean Breeze),[],True,False,True,True,Air Care,3887.0,B0CMVBHXWJ,2025-07-30,,,,,
In Stock,ACTIVE,0.5579999999999999,276.0,2.38,116.0,208.0,5.0,0.0,False,,3.8,1655.0,2.49,,,52.0,Clorox,,B0CMVBHXWJ (Clorox Fraganzia - Gel Air Freshener Cone - 6oz - Fresh Ocean Breeze),[],True,False,True,True,Air Care,4110.0,B0CMVBHXWJ,2025-07-29,,,,,
In Stock,ACTIVE,0.682,401.0,2.49,161.0,236.0,5.0,0.0,False,,3.8,1651.0,2.49,,,58.0,Clorox,,B0CMVBHXWJ (Clorox Fraganzia - Gel Air Freshener Cone - 6oz - Fresh Ocean Breeze),[],True,False,True,True,Air Care,4344.0,B0CMVBHXWJ,2025-07-28,,,,,
In Stock,ACTIVE,0.537,393.0,2.49,158.0,294.0,5.0,0.0,False,,3.8,1645.0,2.49,,,61.0,Clorox,,B0CMVBHXWJ (Clorox Fraganzia - Gel Air Freshener Cone - 6oz - Fresh Ocean Breeze),[],True,False,True,True,Air Care,4460.0,B0CMVBHXWJ,2025-07-27,,,,,
In Stock,ACTIVE,0.51,331.0,2.49,133.0,261.0,5.0,0.0,False,,3.8,1642.0,2.49,,,59.0,Clorox,,B0CMVBHXWJ (Clorox Fraganzia - Gel Air Freshener Cone - 6oz - Fresh Ocean Breeze),[],True,False,True,True,Air Care,4553.0,B0CMVBHXWJ,2025-07-26,,,,,
In Stock,ACTIVE,0.642,304.0,2.49,122.0,190.0,5.0,0.0,False,,3.8,1633.0,2.49,,,54.0,Clorox,,B0CMVBHXWJ (Clorox Fraganzia - Gel Air Freshener Cone - 6oz - Fresh Ocean Breeze),[],True,False,True,True,Air Care,4864.0,B0CMVBHXWJ,2025-07-25,,,,,
In Stock,ACTIVE,0.502,264.0,2.49,106.0,211.0,5.0,0.0,False,,3.8,1631.0,2.49,,,57.0,Clorox,,B0CMVBHXWJ (Clorox Fraganzia - Gel Air Freshener Cone - 6oz - Fresh Ocean Breeze),[],True,False,True,True,Air Care,4837.0,B0CMVBHXWJ,2025-07-24,,,,,
In Stock,ACTIVE,0.565,271.0,2.49,109.0,193.0,5.0,0.0,False,,3.8,1626.0,2.49,,,57.0,Clorox,,B0CMVBHXWJ (Clorox Fraganzia - Gel Air Freshener Cone - 6oz - Fresh Ocean Breeze),[],True,False,True,True,Air Care,5140.0,B0CMVBHXWJ,2025-07-22,,,,,
In Stock,ACTIVE,0.68,381.0,2.49,153.0,225.0,5.0,0.0,False,,3.8,1620.0,2.49,,,49.0,Clorox,,B0CMVBHXWJ (Clorox Fraganzia - Gel Air Freshener Cone - 6oz - Fresh Ocean Breeze),[],True,False,True,True,Air Care,5369.0,B0CMVBHXWJ,2025-07-21,,,,,
In Stock,ACTIVE,0.45,294.0,2.49,118.0,262.0,5.0,0.0,False,,3.8,1615.0,2.49,,,57.0,Clorox,,B0CMVBHXWJ (Clorox Fraganzia - Gel Air Freshener Cone - 6oz - Fresh Ocean Breeze),[],True,False,True,True,Air Care,5637.0,B0CMVBHXWJ,2025-07-20,,,,,
In Stock,ACTIVE,0.7140000000000001,453.0,2.49,182.0,255.0,5.0,0.0,False,,3.8,1610.0,2.49,,,59.0,Clorox,,B0CMVBHXWJ (Clorox Fraganzia - Gel Air Freshener Cone - 6oz - Fresh Ocean Breeze),[],True,False,True,True,Air Care,5645.0,B0CMVBHXWJ,2025-07-19,,,,,
In Stock,ACTIVE,0.56,301.0,2.49,121.0,216.0,5.0,0.0,False,,3.8,1608.0,2.49,,,59.0,Clorox,,B0CMVBHXWJ (Clorox Fraganzia - Gel Air Freshener Cone - 6oz - Fresh Ocean Breeze),[],True,False,True,True,Air Care,5815.0,B0CMVBHXWJ,2025-07-18,,,,,
In Stock,ACTIVE,0.623,296.0,2.49,119.0,191.0,5.0,0.0,False,,3.9,1416.0,2.49,,,65.0,Clorox,,B0CMVBHXWJ (Clorox Fraganzia - Gel Air Freshener Cone - 6oz - Fresh Ocean Breeze),[],True,False,True,True,Air Care,5825.0,B0CMVBHXWJ,2025-07-17,,,,,
In Stock,ACTIVE,0.6779999999999999,299.0,2.49,120.0,177.0,5.0,0.0,False,,3.9,1415.0,2.49,,,66.0,Clorox,,B0CMVBHXWJ (Clorox Fraganzia - Gel Air Freshener Cone - 6oz - Fresh Ocean Breeze),[],True,False,True,True,Air Care,5970.0,B0CMVBHXWJ,2025-07-16,,,,,
In Stock,ACTIVE,0.46,244.0,2.49,98.0,213.0,5.0,0.0,False,,3.9,1413.0,2.49,,,64.0,Clorox,,B0CMVBHXWJ (Clorox Fraganzia - Gel Air Freshener Cone - 6oz - Fresh Ocean Breeze),[],True,False,True,True,Air Care,6065.0,B0CMVBHXWJ,2025-07-15,,,,,
In Stock,ACTIVE,0.455,202.0,2.49,81.0,178.0,5.0,0.0,False,,3.8,1579.0,2.49,,,67.0,Clorox,,B0CMVBHXWJ (Clorox Fraganzia - Gel Air Freshener Cone - 6oz - Fresh Ocean Breeze),[],True,False,True,True,Air Care,6089.0,B0CMVBHXWJ,2025-07-14,,,,,
In Stock,ACTIVE,0.521,274.0,2.49,110.0,211.0,5.0,0.0,False,,3.8,1575.0,2.49,,,70.0,Clorox,,B0CMVBHXWJ (Clorox Fraganzia - Gel Air Freshener Cone - 6oz - Fresh Ocean Breeze),[],True,False,True,True,Air Care,6102.0,B0CMVBHXWJ,2025-07-13,,,,,
In Stock,ACTIVE,0.627,239.0,2.49,96.0,153.0,5.0,0.0,False,,3.8,1571.0,2.49,,,69.0,Clorox,,B0CMVBHXWJ (Clorox Fraganzia - Gel Air Freshener Cone - 6oz - Fresh Ocean Breeze),[],True,False,True,True,Air Care,6129.0,B0CMVBHXWJ,2025-07-12,,,,,
In Stock,ACTIVE,0.662,381.0,2.49,153.0,231.0,5.0,0.0,False,,3.8,1565.0,2.49,,,67.0,Clorox,,B0CMVBHXWJ (Clorox Fraganzia - Gel Air Freshener Cone - 6oz - Fresh Ocean Breeze),[],True,False,True,True,Air Care,6039.0,B0CMVBHXWJ,2025-07-11,,,,,
In Stock,ACTIVE,0.778,423.0,2.46,172.0,221.0,5.0,0.0,False,,3.8,1563.0,2.49,,,67.0,Clorox,,B0CMVBHXWJ (Clorox Fraganzia - Gel Air Freshener Cone - 6oz - Fresh Ocean Breeze),[],True,False,True,True,Air Care,6156.0,B0CMVBHXWJ,2025-07-10,,,,,
In Stock,ACTIVE,0.6759999999999999,431.0,2.49,173.0,256.0,5.0,0.0,False,,3.8,1556.0,2.49,,,54.0,Clorox,,B0CMVBHXWJ (Clorox Fraganzia - Gel Air Freshener Cone - 6oz - Fresh Ocean Breeze),[],True,False,True,True,Air Care,6048.0,B0CMVBHXWJ,2025-07-09,,,,,
In Stock,ACTIVE,0.741,398.0,2.49,160.0,216.0,5.0,0.0,False,,3.8,1554.0,2.49,,,53.0,Clorox,,B0CMVBHXWJ (Clorox Fraganzia - Gel Air Freshener Cone - 6oz - Fresh Ocean Breeze),[],True,False,True,True,Air Care,6242.0,B0CMVBHXWJ,2025-07-08,,,,,
In Stock,ACTIVE,0.551,242.0,2.49,97.0,176.0,5.0,0.0,False,,3.8,1550.0,2.49,,,54.0,Clorox,,B0CMVBHXWJ (Clorox Fraganzia - Gel Air Freshener Cone - 6oz - Fresh Ocean Breeze),[],True,False,True,True,Air Care,5813.0,B0CMVBHXWJ,2025-07-07,,,,,
In Stock,ACTIVE,0.536,256.0,2.49,103.0,192.0,5.0,0.0,False,,3.8,1549.0,2.49,,,55.0,Clorox,,B0CMVBHXWJ (Clorox Fraganzia - Gel Air Freshener Cone - 6oz - Fresh Ocean Breeze),[],True,False,True,True,Air Care,5814.0,B0CMVBHXWJ,2025-07-06,,,,,
In Stock,ACTIVE,0.491,264.0,2.49,106.0,216.0,5.0,0.0,False,,3.8,1540.0,2.49,,,61.0,Clorox,,B0CMVBHXWJ (Clorox Fraganzia - Gel Air Freshener Cone - 6oz - Fresh Ocean Breeze),[],True,False,True,True,Air Care,5927.0,B0CMVBHXWJ,2025-07-05,,,,,
In Stock,ACTIVE,0.557,266.0,2.49,107.0,192.0,5.0,0.0,False,,3.8,1537.0,2.49,,,62.0,Clorox,,B0CMVBHXWJ (Clorox Fraganzia - Gel Air Freshener Cone - 6oz - Fresh Ocean Breeze),[],True,False,True,True,Air Care,5148.0,B0CMVBHXWJ,2025-07-04,,,,,
In Stock,ACTIVE,0.52,264.0,2.49,106.0,204.0,5.0,0.0,False,,3.8,1534.0,2.49,,,62.0,Clorox,,B0CMVBHXWJ (Clorox Fraganzia - Gel Air Freshener Cone - 6oz - Fresh Ocean Breeze),[],True,False,True,True,Air Care,5756.0,B0CMVBHXWJ,2025-07-03,,,,,
In Stock,ACTIVE,0.695,346.0,2.49,139.0,200.0,5.0,0.0,False,,3.8,1523.0,2.49,,,57.0,Clorox,,B0CMVBHXWJ (Clorox Fraganzia - Gel Air Freshener Cone - 6oz - Fresh Ocean Breeze),[],True,False,True,True,Air Care,5004.0,B0CMVBHXWJ,2025-07-02,,,,,
In Stock,ACTIVE,0.628,269.0,2.49,108.0,172.0,5.0,0.0,False,,3.8,1516.0,2.49,,,55.0,Clorox,,B0CMVBHXWJ (Clorox Fraganzia - Gel Air Freshener Cone - 6oz - Fresh Ocean Breeze),[],True,False,True,True,Air Care,4928.0,B0CMVBHXWJ,2025-07-01,,,,,
In Stock,ACTIVE,0.887,334.0,2.49,134.0,151.0,5.0,0.0,False,,3.8,1506.0,2.49,,,59.0,Clorox,,B0CMVBHXWJ (Clorox Fraganzia - Gel Air Freshener Cone - 6oz - Fresh Ocean Breeze),[],True,False,True,True,Air Care,4975.0,B0CMVBHXWJ,2025-06-30,,,,,
In Stock,ACTIVE,0.62,289.0,2.49,116.0,187.0,5.0,0.0,False,,3.8,1501.0,2.49,,,60.0,Clorox,,B0CMVBHXWJ (Clorox Fraganzia - Gel Air Freshener Cone - 6oz - Fresh Ocean Breeze),[],True,False,True,True,Air Care,5156.0,B0CMVBHXWJ,2025-06-29,,,,,
In Stock,ACTIVE,0.647,274.0,2.49,110.0,170.0,5.0,0.0,False,,3.8,1499.0,2.49,,,58.0,Clorox,,B0CMVBHXWJ (Clorox Fraganzia - Gel Air Freshener Cone - 6oz - Fresh Ocean Breeze),[],True,False,True,True,Air Care,5345.0,B0CMVBHXWJ,2025-06-28,,,,,
In Stock,ACTIVE,0.345,226.0,3.97,57.0,165.0,4.0,0.0,False,,4.0,2577.0,4.08,0.01111111111111111,0.5,138.0,Clorox,0.74,B0CMVBHXWJ (Clorox Fraganzia - Gel Air Freshener Cone - 6oz - Fresh Ocean Breeze),[],True,False,False,True,Air Care,13424.0,B0CMVBHXWJ,2026-04-18,1.48,8.16,2.0,180.0,1.0
In Stock,ACTIVE,0.7809999999999999,568.0,2.49,228.0,292.0,4.0,0.0,False,,3.9,2112.0,2.49,,,77.0,Clorox,,B0CMVBHXWJ (Clorox Fraganzia - Gel Air Freshener Cone - 6oz - Fresh Ocean Breeze),[],True,False,False,True,Air Care,4498.0,B0CMVBHXWJ,2026-01-14,0.0,0.0,0.0,0.0,0.0
In Stock,ACTIVE,0.654,470.0,2.49,189.0,289.0,4.0,0.0,False,,3.9,2108.0,2.49,,,72.0,Clorox,,B0CMVBHXWJ (Clorox Fraganzia - Gel Air Freshener Cone - 6oz - Fresh Ocean Breeze),[],True,False,False,True,Air Care,4836.0,B0CMVBHXWJ,2026-01-13,0.0,0.0,0.0,0.0,0.0
In Stock,ACTIVE,0.7709999999999999,453.0,2.49,182.0,236.0,4.0,0.0,False,,3.9,2104.0,2.49,,,74.0,Clorox,,B0CMVBHXWJ (Clorox Fraganzia - Gel Air Freshener Cone - 6oz - Fresh Ocean Breeze),[],True,False,False,True,Air Care,4258.0,B0CMVBHXWJ,2026-01-12,0.0,0.0,0.0,0.0,0.0
In Stock,ACTIVE,0.679,563.0,2.49,226.0,333.0,4.0,0.0,False,,3.9,2098.0,2.49,,,72.0,Clorox,,B0CMVBHXWJ (Clorox Fraganzia - Gel Air Freshener Cone - 6oz - Fresh Ocean Breeze),[],True,False,False,True,Air Care,4315.0,B0CMVBHXWJ,2026-01-11,0.0,0.0,0.0,0.0,0.0
In Stock,ACTIVE,0.662,483.0,2.49,194.0,293.0,4.0,0.0,False,,3.9,2091.0,2.49,,,74.0,Clorox,,B0CMVBHXWJ (Clorox Fraganzia - Gel Air Freshener Cone - 6oz - Fresh Ocean Breeze),[],True,False,False,True,Air Care,4291.0,B0CMVBHXWJ,2026-01-10,,,,,
In Stock,ACTIVE,0.688,473.0,2.49,190.0,276.0,4.0,0.0,False,,3.9,2069.0,2.49,,,76.0,Clorox,,B0CMVBHXWJ (Clorox Fraganzia - Gel Air Freshener Cone - 6oz - Fresh Ocean Breeze),[],True,False,False,True,Air Care,4314.0,B0CMVBHXWJ,2026-01-09,,,,,
In Stock,ACTIVE,0.57,354.0,2.49,142.0,249.0,5.0,0.0,False,,3.9,2257.0,2.49,,,75.0,Clorox,,B0CMVBHXWJ (Clorox Fraganzia - Gel Air Freshener Cone - 6oz - Fresh Ocean Breeze),[],True,False,False,True,Air Care,4236.0,B0CMVBHXWJ,2026-01-08,,,,,
In Stock,ACTIVE,0.426,339.0,2.49,136.0,319.0,5.0,0.0,False,,3.9,2254.0,2.49,,,76.0,Clorox,,B0CMVBHXWJ (Clorox Fraganzia - Gel Air Freshener Cone - 6oz - Fresh Ocean Breeze),[],True,False,False,True,Air Care,4206.0,B0CMVBHXWJ,2026-01-07,,,,,
In Stock,ACTIVE,0.789,493.0,2.49,198.0,251.0,5.0,0.0,False,,3.9,2251.0,2.49,,,73.0,Clorox,,B0CMVBHXWJ (Clorox Fraganzia - Gel Air Freshener Cone - 6oz - Fresh Ocean Breeze),[],True,False,False,True,Air Care,4407.0,B0CMVBHXWJ,2026-01-06,,,,,
In Stock,ACTIVE,0.8240000000000001,453.0,2.49,182.0,221.0,5.0,0.0,False,,3.9,2248.0,2.49,,,71.0,Clorox,,B0CMVBHXWJ (Clorox Fraganzia - Gel Air Freshener Cone - 6oz - Fresh Ocean Breeze),[],True,False,False,True,Air Care,4046.0,B0CMVBHXWJ,2026-01-05,,,,,
In Stock,ACTIVE,0.596,403.0,2.49,162.0,272.0,5.0,0.0,False,,3.9,2244.0,2.49,,,78.0,Clorox,,B0CMVBHXWJ (Clorox Fraganzia - Gel Air Freshener Cone - 6oz - Fresh Ocean Breeze),[],True,False,False,True,Air Care,4234.0,B0CMVBHXWJ,2026-01-04,,,,,
In Stock,ACTIVE,0.55,441.0,2.49,177.0,322.0,5.0,0.0,False,,3.9,2242.0,2.49,,,77.0,Clorox,,B0CMVBHXWJ (Clorox Fraganzia - Gel Air Freshener Cone - 6oz - Fresh Ocean Breeze),[],True,False,False,True,Air Care,4578.0,B0CMVBHXWJ,2026-01-03,0.0,0.0,0.0,0.0,0.0
In Stock,ACTIVE,0.7829999999999999,468.0,2.49,188.0,240.0,5.0,0.0,False,,3.9,2237.0,2.49,,,87.0,Clorox,,B0CMVBHXWJ (Clorox Fraganzia - Gel Air Freshener Cone - 6oz - Fresh Ocean Breeze),[],True,False,False,True,Air Care,4096.0,B0CMVBHXWJ,2026-01-02,0.0,0.0,0.0,0.0,0.0
